// Jest Snapshot v1, https://goo.gl/fbAQLP

exports[`KeyChain lib should correctly save the password 1`] = `
Array [
  Array [
    "JolocomSmartWallet",
    "test",
  ],
]
`;
